// Jest Snapshot v1, https://goo.gl/fbAQLP

exports[`home component renders home page with paragraphs 1`] = `
<div>
  <div
    id="home-container"
  >
    <p
      id="welcome message"
    >
      Welcome to Steam Lite
    </p>
    <p
      id="store-message"
    >
      By clicking on the "Shop" page at the top you can browse games in the Steam catalog
    </p>
    <p
      id="store-message-pt2"
    >
      Happy Gaming!
    </p>
    <p
      id="disclaimer-message"
    >
      This site is note an actual Steam site. This is just a project to practice my coding.
    </p>
  </div>
</div>
`;
